MySQL Shell 8.0.36

Copyright (c) 2016, 2023, Oracle and/or its affiliates.
Oracle is a registered trademark of Oracle Corporation and/or its affiliates.
Other names may be trademarks of their respective owners.

Type '\help' or '\?' for help; '\quit' to exit.
 MySQL  JS > \sql
Switching to SQL mode... Commands end with ;
 MySQL  SQL > \c --mc root@localhost
Creating a Classic session to 'root@localhost'
Please provide the password for 'root@localhost': ************
Save password for 'root@localhost'? [Y]es/[N]o/Ne[v]er (default No): N
Fetching global names for auto-completion... Press ^C to stop.
Your MySQL connection id is 8
Server version: 8.0.36 MySQL Community Server - GPL
No default schema selected; type \use <schema> to set one.
 MySQL  localhost:3306 ssl  SQL > create user 'pepe'@'localhost'identified by 'root'
                               -> ;
Query OK, 0 rows affected (0.0274 sec)
 MySQL  localhost:3306 ssl  SQL >








--------------------
MySQL Shell 8.0.36

Copyright (c) 2016, 2023, Oracle and/or its affiliates.
Oracle is a registered trademark of Oracle Corporation and/or its affiliates.
Other names may be trademarks of their respective owners.

Type '\help' or '\?' for help; '\quit' to exit.
 MySQL  JS > \sql
Switching to SQL mode... Commands end with ;
 MySQL  SQL > \c --mc root@localhost
Creating a Classic session to 'root@localhost'
Please provide the password for 'root@localhost': ************
Save password for 'root@localhost'? [Y]es/[N]o/Ne[v]er (default No): N
Fetching global names for auto-completion... Press ^C to stop.
Your MySQL connection id is 10
Server version: 8.0.36 MySQL Community Server - GPL
No default schema selected; type \use <schema> to set one.
 MySQL  localhost:3306 ssl  SQL > show databases;
+--------------------+
| Database           |
+--------------------+
| information_schema |
| mysql              |
| performance_schema |
| sakila             |
| sys                |
| world              |
+--------------------+
6 rows in set (0.0015 sec)
 MySQL  localhost:3306 ssl  SQL > use sakila;
Default schema set to `sakila`.
Fetching global names, object names from `sakila` for auto-completion... Press ^C to stop.
 MySQL  localhost:3306 ssl  sakila  SQL > grant all on company.* to 'pepe'@'localhost';
Query OK, 0 rows affected (0.0161 sec)
 MySQL  localhost:3306 ssl  sakila  SQL > \c --mc pepe@localhost
Creating a Classic session to 'pepe@localhost'
Please provide the password for 'pepe@localhost': ****
Save password for 'pepe@localhost'? [Y]es/[N]o/Ne[v]er (default No): N
Fetching global names for auto-completion... Press ^C to stop.
Error during auto-completion cache update: Access denied; you need (at least one of) the PROCESS privilege(s) for this operation
Closing old connection...
Your MySQL connection id is 11
Server version: 8.0.36 MySQL Community Server - GPL
No default schema selected; type \use <schema> to set one.
 MySQL  localhost:3306 ssl  SQL > QUIT
                               -> M
                               -> ;
ERROR: 1064 (42000): You have an error in your SQL syntax; check the manual that corresponds to your MySQL server version for the right syntax to use near 'QUIT
M' at line 1
 MySQL  localhost:3306 ssl  SQL > show databases;
+--------------------+
| Database           |
+--------------------+
| information_schema |
| performance_schema |
+--------------------+
2 rows in set (0.0012 sec)
 MySQL  localhost:3306 ssl  SQL > \c --mc root@localhost
Creating a Classic session to 'root@localhost'
Please provide the password for 'root@localhost': ************
Save password for 'root@localhost'? [Y]es/[N]o/Ne[v]er (default No): N
Fetching global names for auto-completion... Press ^C to stop.
Closing old connection...
Your MySQL connection id is 12
Server version: 8.0.36 MySQL Community Server - GPL
No default schema selected; type \use <schema> to set one.
 MySQL  localhost:3306 ssl  SQL > use sakila;
Default schema set to `sakila`.
Fetching global names, object names from `sakila` for auto-completion... Press ^C to stop.
 MySQL  localhost:3306 ssl  sakila  SQL > grant all on sakila.* to 'pepe'@'localhost';
Query OK, 0 rows affected (0.0152 sec)
 MySQL  localhost:3306 ssl  sakila  SQL > \c --mc root@localhost
Creating a Classic session to 'root@localhost'
Please provide the password for 'root@localhost':
Cancelled
 MySQL  localhost:3306 ssl  sakila  SQL > \c --mc pepe@localhost
Creating a Classic session to 'pepe@localhost'
Please provide the password for 'pepe@localhost': ****
Save password for 'pepe@localhost'? [Y]es/[N]o/Ne[v]er (default No): N
Fetching global names for auto-completion... Press ^C to stop.
Error during auto-completion cache update: Access denied; you need (at least one of) the PROCESS privilege(s) for this operation
Closing old connection...
Your MySQL connection id is 13
Server version: 8.0.36 MySQL Community Server - GPL
No default schema selected; type \use <schema> to set one.
 MySQL  localhost:3306 ssl  SQL > show databases;
+--------------------+
| Database           |
+--------------------+
| information_schema |
| performance_schema |
| sakila             |
+--------------------+
3 rows in set (0.0014 sec)
 MySQL  localhost:3306 ssl  SQL > use sakila;
Default schema set to `sakila`.
Fetching global names, object names from `sakila` for auto-completion... Press ^C to stop.
 MySQL  localhost:3306 ssl  sakila  SQL > show tables;
+----------------------------+
| Tables_in_sakila           |
+----------------------------+
| actor                      |
| actor_info                 |
| address                    |
| category                   |
| city                       |
| country                    |
| customer                   |
| customer_list              |
| film                       |
| film_actor                 |
| film_category              |
| film_list                  |
| film_text                  |
| inventory                  |
| language                   |
| nicer_but_slower_film_list |
| payment                    |
| rental                     |
| sales_by_film_category     |
| sales_by_store             |
| staff                      |
| staff_list                 |
| store                      |
+----------------------------+
23 rows in set (0.0033 sec)
 MySQL  localhost:3306 ssl  sakila  SQL > select * from actor limit 10;
+----------+------------+--------------+---------------------+
| actor_id | first_name | last_name    | last_update         |
+----------+------------+--------------+---------------------+
|        1 | PENELOPE   | GUINESS      | 2006-02-15 04:34:33 |
|        2 | NICK       | WAHLBERG     | 2006-02-15 04:34:33 |
|        3 | ED         | CHASE        | 2006-02-15 04:34:33 |
|        4 | JENNIFER   | DAVIS        | 2006-02-15 04:34:33 |
|        5 | JOHNNY     | LOLLOBRIGIDA | 2006-02-15 04:34:33 |
|        6 | BETTE      | NICHOLSON    | 2006-02-15 04:34:33 |
|        7 | GRACE      | MOSTEL       | 2006-02-15 04:34:33 |
|        8 | MATTHEW    | JOHANSSON    | 2006-02-15 04:34:33 |
|        9 | JOE        | SWANK        | 2006-02-15 04:34:33 |
|       10 | CHRISTIAN  | GABLE        | 2006-02-15 04:34:33 |
+----------+------------+--------------+---------------------+
10 rows in set (0.0153 sec)
 MySQL  localhost:3306 ssl  sakila  SQL > ^C
 MySQL  localhost:3306 ssl  sakila  SQL > create database pruebaPrivilegios;
ERROR: 1044 (42000): Access denied for user 'pepe'@'localhost' to database 'pruebaprivilegios'
 MySQL  localhost:3306 ssl  sakila  SQL > create user 'pruebax'@'localhost' identified by 'root2'
                                       -> ;
ERROR: 1227 (42000): Access denied; you need (at least one of) the CREATE USER privilege(s) for this operation
 MySQL  localhost:3306 ssl  sakila  SQL > \c --mc root@localhost
Creating a Classic session to 'root@localhost'
Please provide the password for 'root@localhost': ************
MySQL Error 1045 (28000): Access denied for user 'root'@'localhost' (using password: YES)
 MySQL  localhost:3306 ssl  sakila  SQL > \c --mc root@localhost
Creating a Classic session to 'root@localhost'
Please provide the password for 'root@localhost': ************
Save password for 'root@localhost'? [Y]es/[N]o/Ne[v]er (default No): N
Fetching global names for auto-completion... Press ^C to stop.
Closing old connection...
Your MySQL connection id is 15
Server version: 8.0.36 MySQL Community Server - GPL
No default schema selected; type \use <schema> to set one.
 MySQL  localhost:3306 ssl  SQL > create user 'chuy'@'localhost' identified by 'root2';
Query OK, 0 rows affected (0.0491 sec)
 MySQL  localhost:3306 ssl  SQL > grant SELECT on sakila.* to 'chuy'@'localhost';
Query OK, 0 rows affected (0.0155 sec)
 MySQL  localhost:3306 ssl  SQL > \c --mc chuy@localhost
Creating a Classic session to 'chuy@localhost'
Please provide the password for 'chuy@localhost': *****
Save password for 'chuy@localhost'? [Y]es/[N]o/Ne[v]er (default No): N
Fetching global names for auto-completion... Press ^C to stop.
Error during auto-completion cache update: Access denied; you need (at least one of) the PROCESS privilege(s) for this operation
Closing old connection...
Your MySQL connection id is 16
Server version: 8.0.36 MySQL Community Server - GPL
No default schema selected; type \use <schema> to set one.
 MySQL  localhost:3306 ssl  SQL > show databases;
+--------------------+
| Database           |
+--------------------+
| information_schema |
| performance_schema |
| sakila             |
+--------------------+
3 rows in set (0.0012 sec)
 MySQL  localhost:3306 ssl  SQL > select count(*) from sakila;
ERROR: 1046 (3D000): No database selected
 MySQL  localhost:3306 ssl  SQL > use sakila;
Default schema set to `sakila`.
Fetching global names, object names from `sakila` for auto-completion... Press ^C to stop.
 MySQL  localhost:3306 ssl  sakila  SQL > select count(*) from actor;
+----------+
| count(*) |
+----------+
|      200 |
+----------+
1 row in set (0.0034 sec)
 MySQL  localhost:3306 ssl  sakila  SQL > show tables;
+----------------------------+
| Tables_in_sakila           |
+----------------------------+
| actor                      |
| actor_info                 |
| address                    |
| category                   |
| city                       |
| country                    |
| customer                   |
| customer_list              |
| film                       |
| film_actor                 |
| film_category              |
| film_list                  |
| film_text                  |
| inventory                  |
| language                   |
| nicer_but_slower_film_list |
| payment                    |
| rental                     |
| sales_by_film_category     |
| sales_by_store             |
| staff                      |
| staff_list                 |
| store                      |
+----------------------------+
23 rows in set (0.0019 sec)
 MySQL  localhost:3306 ssl  sakila  SQL > insert into store values(100)
                                       -> ;
ERROR: 1142 (42000): INSERT command denied to user 'chuy'@'localhost' for table 'store'
 MySQL  localhost:3306 ssl  sakila  SQL > delete from film;
ERROR: 1142 (42000): DELETE command denied to user 'chuy'@'localhost' for table 'film'
 MySQL  localhost:3306 ssl  sakila  SQL > select * from film limit 10;
+---------+------------------+-----------------------------------------------------------------------------------------------------------------------+--------------+-------------+----------------------+-----------------+-------------+--------+------------------+--------+----------------------------------+---------------------+
| film_id | title            | description
                             | release_year | language_id | original_language_id | rental_duration | rental_rate | length | replacement_cost | rating | special_features                 | last_update         |
+---------+------------------+-----------------------------------------------------------------------------------------------------------------------+--------------+-------------+----------------------+-----------------+-------------+--------+------------------+--------+----------------------------------+---------------------+
|       1 | ACADEMY DINOSAUR | A Epic Drama of a Feminist And a Mad Scientist who must Battle a Teacher in The Canadian Rockies                      |         2006 |           1 |                 NULL |               6 |        0.99 |     86 |            20.99 | PG     | Deleted Scenes,Behind the Scenes | 2006-02-15 05:03:42 |
|       2 | ACE GOLDFINGER   | A Astounding Epistle of a Database Administrator And a Explorer who must Find a Car in Ancient China                  |         2006 |           1 |                 NULL |               3 |        4.99 |     48 |            12.99 | G      | Trailers,Deleted Scenes          | 2006-02-15 05:03:42 |
|       3 | ADAPTATION HOLES | A Astounding Reflection of a Lumberjack And a Car who must Sink a Lumberjack in A Baloon Factory                      |         2006 |           1 |                 NULL |               7 |        2.99 |     50 |            18.99 | NC-17  | Trailers,Deleted Scenes          | 2006-02-15 05:03:42 |
|       4 | AFFAIR PREJUDICE | A Fanciful Documentary of a Frisbee And a Lumberjack who must Chase a Monkey in A Shark Tank                          |         2006 |           1 |                 NULL |               5 |        2.99 |    117 |            26.99 | G      | Commentaries,Behind the Scenes   | 2006-02-15 05:03:42 |
|       5 | AFRICAN EGG      | A Fast-Paced Documentary of a Pastry Chef And a Dentist who must Pursue a Forensic Psychologist in The Gulf of Mexico |         2006 |           1 |                 NULL |               6 |        2.99 |    130 |            22.99 | G      | Deleted Scenes                   | 2006-02-15 05:03:42 |
|       6 | AGENT TRUMAN     | A Intrepid Panorama of a Robot And a Boy who must Escape a Sumo Wrestler in Ancient China                             |         2006 |           1 |                 NULL |               3 |        2.99 |    169 |            17.99 | PG     | Deleted Scenes                   | 2006-02-15 05:03:42 |
|       7 | AIRPLANE SIERRA  | A Touching Saga of a Hunter And a Butler who must Discover a Butler in A Jet Boat                                     |         2006 |           1 |                 NULL |               6 |        4.99 |     62 |            28.99 | PG-13  | Trailers,Deleted Scenes          | 2006-02-15 05:03:42 |
|       8 | AIRPORT POLLOCK  | A Epic Tale of a Moose And a Girl who must Confront a Monkey in Ancient India
                             |         2006 |           1 |                 NULL |               6 |        4.99 |     54 |            15.99 | R      | Trailers                         | 2006-02-15 05:03:42 |
|       9 | ALABAMA DEVIL    | A Thoughtful Panorama of a Database Administrator And a Mad Scientist who must Outgun a Mad Scientist in A Jet Boat   |         2006 |           1 |                 NULL |               3 |        2.99 |    114 |            21.99 | PG-13  | Trailers,Deleted Scenes          | 2006-02-15 05:03:42 |
|      10 | ALADDIN CALENDAR | A Action-Packed Tale of a Man And a Lumberjack who must Reach a Feminist in Ancient China                             |         2006 |           1 |                 NULL |               6 |        4.99 |     63 |            24.99 | NC-17  | Trailers,Deleted Scenes          | 2006-02-15 05:03:42 |
+---------+------------------+-----------------------------------------------------------------------------------------------------------------------+--------------+-------------+----------------------+-----------------+-------------+--------+------------------+--------+----------------------------------+---------------------+
10 rows in set (0.0257 sec)
 MySQL  localhost:3306 ssl  sakila  SQL > \c --mc root@localhost
Creating a Classic session to 'root@localhost'
Please provide the password for 'root@localhost': ************
MySQL Error 1045 (28000): Access denied for user 'root'@'localhost' (using password: YES)
 MySQL  localhost:3306 ssl  sakila  SQL > \c --mc root@localhost
Creating a Classic session to 'root@localhost'
Please provide the password for 'root@localhost': ************
Save password for 'root@localhost'? [Y]es/[N]o/Ne[v]er (default No): N
Fetching global names for auto-completion... Press ^C to stop.
Closing old connection...
Your MySQL connection id is 18
Server version: 8.0.36 MySQL Community Server - GPL
No default schema selected; type \use <schema> to set one.
 MySQL  localhost:3306 ssl  SQL > create user 'admin'@'localhost' identified by 'admin';
Query OK, 0 rows affected (0.0151 sec)
 MySQL  localhost:3306 ssl  SQL > grant select(film_id) on sakila.film to
                               -> 'admin'@'localhost';
Query OK, 0 rows affected (0.0102 sec)
 MySQL  localhost:3306 ssl  SQL > \c --mc admin@localhost
Creating a Classic session to 'admin@localhost'
Please provide the password for 'admin@localhost': *****
Save password for 'admin@localhost'? [Y]es/[N]o/Ne[v]er (default No): N
Fetching global names for auto-completion... Press ^C to stop.
Error during auto-completion cache update: Access denied; you need (at least one of) the PROCESS privilege(s) for this operation
Closing old connection...
Your MySQL connection id is 19
Server version: 8.0.36 MySQL Community Server - GPL
No default schema selected; type \use <schema> to set one.
 MySQL  localhost:3306 ssl  SQL > show databases;
+--------------------+
| Database           |
+--------------------+
| information_schema |
| performance_schema |
| sakila             |
+--------------------+
3 rows in set (0.0012 sec)
 MySQL  localhost:3306 ssl  SQL > use sakila;
Default schema set to `sakila`.
Fetching global names, object names from `sakila` for auto-completion... Press ^C to stop.
 MySQL  localhost:3306 ssl  sakila  SQL > show tables;
+------------------+
| Tables_in_sakila |
+------------------+
| film             |
+------------------+
1 row in set (0.0016 sec)
 MySQL  localhost:3306 ssl  sakila  SQL > select * from film limit 10;
ERROR: 1142 (42000): SELECT command denied to user 'admin'@'localhost' for table 'film'
 MySQL  localhost:3306 ssl  sakila  SQL > select film_id from film limit 10;
+---------+
| film_id |
+---------+
|       1 |
|       2 |
|       3 |
|       4 |
|       5 |
|       6 |
|       7 |
|       8 |
|       9 |
|      10 |
+---------+
10 rows in set (0.0023 sec)
 MySQL  localhost:3306 ssl  sakila  SQL >