MySQL Shell 8.0.35

Copyright (c) 2016, 2023, Oracle and/or its affiliates.
Oracle is a registered trademark of Oracle Corporation and/or its affiliates.
Other names may be trademarks of their respective owners.

Type '\help' or '\?' for help; '\quit' to exit.
 MySQL  JS > \sql
Switching to SQL mode... Commands end with ;
 MySQL  SQL > \c --mc root@localhost
Creating a Classic session to 'root@localhost'
Please provide the password for 'root@localhost': ************
Save password for 'root@localhost'? [Y]es/[N]o/Ne[v]er (default No): N
Fetching global names for auto-completion... Press ^C to stop.
Your MySQL connection id is 8
Server version: 8.0.35 MySQL Community Server - GPL
No default schema selected; type \use <schema> to set one.
 MySQL  localhost:3306 ssl  SQL > create database orders;
ERROR: 1007 (HY000): Can't create database 'orders'; database exists
 MySQL  localhost:3306 ssl  SQL > create database orders_2
                               -> ;
Query OK, 1 row affected (0.0314 sec)
 MySQL  localhost:3306 ssl  SQL > use orders_2;
Default schema set to `orders_2`.
Fetching global names, object names from `orders_2` for auto-completion... Press ^C to stop.
 MySQL  localhost:3306 ssl  orders_2  SQL > create table salesrefs(
                                         -> int id primary key not null auto_increment,
                                         -> lastname^C
 MySQL  localhost:3306 ssl  orders_2  SQL > create table salesrefs(
                                         -> id int primary key not null auto_increment,
                                         -> lastname varchar(50) not null,
                                         -> firstname varchar(50) not null,
                                         -> comission int not null);
Query OK, 0 rows affected (0.0802 sec)
 MySQL  localhost:3306 ssl  orders_2  SQL > CREATE TABLE customers(
                                         -> id int primary key not null auto_increment,
                                         -> lastname varchar(50) not null,
                                         -> firstname varchar(50) not null,
                                         -> companyname varchar(100),
                                         -> street1 varchar(50),
                                         -> street2 varchar(50),
                                         -> city varchar(80),
                                         -> state (20),
                                         -> ;
ERROR: 1064 (42000): You have an error in your SQL syntax; check the manual that corresponds to your MySQL server version for the right syntax to use near '(20),' at line 9
 MySQL  localhost:3306 ssl  orders_2  SQL > CREATE TABLE customers( id int primary key not null auto_increment, lastname varchar(50) not null, firstname varchar(50) not null, companyname varchar(100), street1 varchar(50), street2 varchar(50), city varchar(80), state varchar(20),
                                         -> zipcode int(5),
                                         -> phone int(15),
                                         -> fax int,
                                         -> email varchar(255),
                                         -> s_id int auto_increment);
ERROR: 1075 (42000): Incorrect table definition; there can be only one auto column and it must be defined as a key
 MySQL  localhost:3306 ssl  orders_2  SQL > CREATE TABLE customers( id int primary key not null auto_increment, lastname varchar(50) not null, firstname varchar(50) not null, companyname varchar(100), street1 varchar(50), street2 varchar(50), city varchar(80), state varchar(20), zipcode int(5), phone int(15), fax int, email varchar(255), s_id int not null);
Query OK, 0 rows affected, 2 warnings (0.0659 sec)
Warning (code 1681): Integer display width is deprecated and will be removed in a future release.
Warning (code 1681): Integer display width is deprecated and will be removed in a future release.
 MySQL  localhost:3306 ssl  orders_2  SQL > show tables;
+--------------------+
| Tables_in_orders_2 |
+--------------------+
| customers          |
| salesrefs          |
+--------------------+
2 rows in set (0.0150 sec)
 MySQL  localhost:3306 ssl  orders_2  SQL > create table orders(
                                         -> id int primary key not null auto_increment,
                                         -> c_id int not null,
                                         -> orderdate date not null,
                                         -> shipdate date,
                                         -> paiddate date,
                                         -> status varchar(20));
Query OK, 0 rows affected (0.0643 sec)
 MySQL  localhost:3306 ssl  orders_2  SQL > create table items(
                                         -> o_id int not null,
                                         -> id int not null primary key auto_increment,
                                         -> p_id int not null,
                                         -> quantity int not null);
Query OK, 0 rows affected (0.0604 sec)
 MySQL  localhost:3306 ssl  orders_2  SQL > create table parts(
                                         -> id int auto_increment primary key not null,
                                         -> description varchar(200) not null,
                                         -> unitprice int not null,
                                         -> onhand enum('yes','no) not null,
                                         -> reorder enum('yes',no') not null);
ERROR: 1064 (42000): You have an error in your SQL syntax; check the manual that corresponds to your MySQL server version for the right syntax to use near 'yes',no') not null)' at line 6
 MySQL  localhost:3306 ssl  orders_2  SQL > create table parts( id int auto_increment primary key not null, description varchar(200) not null, unitprice int not null, onhand enum('yes','no') not null, reorder enum('yes','no') not null);
Query OK, 0 rows affected (0.0711 sec)
 MySQL  localhost:3306 ssl  orders_2  SQL > show tables;
+--------------------+
| Tables_in_orders_2 |
+--------------------+
| customers          |
| items              |
| orders             |
| parts              |
| salesrefs          |
+--------------------+
5 rows in set (0.0012 sec)
 MySQL  localhost:3306 ssl  orders_2  SQL > ALTER TABLE customers
                                         -> ADD CONSTRAINT salesrefs_fk
                                         -> FOREIGN KEY s_id references salesrefs(id);
ERROR: 1064 (42000): You have an error in your SQL syntax; check the manual that corresponds to your MySQL server version for the right syntax to use near 'references salesrefs(id)' at line 3
 MySQL  localhost:3306 ssl  orders_2  SQL > ALTER TABLE customers ADD CONSTRAINT salesrefs_fk FOREIGN KEY (s_id) references salesrefs(id);
Query OK, 0 rows affected (0.1772 sec)

Records: 0  Duplicates: 0  Warnings: 0
 MySQL  localhost:3306 ssl  orders_2  SQL > show create table customers;
+-----------+--------------------------------------------------------------------------------------------------------------------------------------------------------------------------------------------------------------------------------------------------------------------------------------------------------------------------------------------------------------------------------------------------------------------------------------------------------------------------------------------------------------------------------------------------------------------------------------------------------------------------------------------------------------------------------------------+
| Table     | Create Table




                                                                                 |
+-----------+--------------------------------------------------------------------------------------------------------------------------------------------------------------------------------------------------------------------------------------------------------------------------------------------------------------------------------------------------------------------------------------------------------------------------------------------------------------------------------------------------------------------------------------------------------------------------------------------------------------------------------------------------------------------------------------------+
| customers | CREATE TABLE `customers` (
  `id` int NOT NULL AUTO_INCREMENT,
  `lastname` varchar(50) NOT NULL,
  `firstname` varchar(50) NOT NULL,
  `companyname` varchar(100) DEFAULT NULL,
  `street1` varchar(50) DEFAULT NULL,
  `street2` varchar(50) DEFAULT NULL,
  `city` varchar(80) DEFAULT NULL,
  `state` varchar(20) DEFAULT NULL,
  `zipcode` int DEFAULT NULL,
  `phone` int DEFAULT NULL,
  `fax` int DEFAULT NULL,
  `email` varchar(255) DEFAULT NULL,
  `s_id` int NOT NULL,
  PRIMARY KEY (`id`),
  KEY `salesrefs_fk` (`s_id`),
  CONSTRAINT `salesrefs_fk` FOREIGN KEY (`s_id`) REFERENCES `salesrefs` (`id`)
) ENGINE=InnoDB DEFAULT CHARSET=utf8mb4 COLLATE=utf8mb4_0900_ai_ci |
+-----------+--------------------------------------------------------------------------------------------------------------------------------------------------------------------------------------------------------------------------------------------------------------------------------------------------------------------------------------------------------------------------------------------------------------------------------------------------------------------------------------------------------------------------------------------------------------------------------------------------------------------------------------------------------------------------------------------+
1 row in set (0.0027 sec)
 MySQL  localhost:3306 ssl  orders_2  SQL > ALTER TABLE customers DROP FOREIGN KEY salesrefs_fk;
Query OK, 0 rows affected (0.0263 sec)

Records: 0  Duplicates: 0  Warnings: 0
 MySQL  localhost:3306 ssl  orders_2  SQL > ALTER TABLE customers ADD CONSTRAINT salesrefs_fk FOREIGN KEY (s_id) references salesrefs(id) on delete cascade on update cascade};
ERROR: 1064 (42000): You have an error in your SQL syntax; check the manual that corresponds to your MySQL server version for the right syntax to use near '}' at line 1
 MySQL  localhost:3306 ssl  orders_2  SQL > ALTER TABLE customers ADD CONSTRAINT salesrefs_fk FOREIGN KEY (s_id) references salesrefs(id) on delete cascade on update cascade;
Query OK, 0 rows affected (0.1452 sec)

Records: 0  Duplicates: 0  Warnings: 0
 MySQL  localhost:3306 ssl  orders_2  SQL > show create table customers;
+-----------+--------------------------------------------------------------------------------------------------------------------------------------------------------------------------------------------------------------------------------------------------------------------------------------------------------------------------------------------------------------------------------------------------------------------------------------------------------------------------------------------------------------------------------------------------------------------------------------------------------------------------------------------------------------------------------------------------------------------------------+
| Table     | Create Table




                                                                                                                     |
+-----------+--------------------------------------------------------------------------------------------------------------------------------------------------------------------------------------------------------------------------------------------------------------------------------------------------------------------------------------------------------------------------------------------------------------------------------------------------------------------------------------------------------------------------------------------------------------------------------------------------------------------------------------------------------------------------------------------------------------------------------+
| customers | CREATE TABLE `customers` (
  `id` int NOT NULL AUTO_INCREMENT,
  `lastname` varchar(50) NOT NULL,
  `firstname` varchar(50) NOT NULL,
  `companyname` varchar(100) DEFAULT NULL,
  `street1` varchar(50) DEFAULT NULL,
  `street2` varchar(50) DEFAULT NULL,
  `city` varchar(80) DEFAULT NULL,
  `state` varchar(20) DEFAULT NULL,
  `zipcode` int DEFAULT NULL,
  `phone` int DEFAULT NULL,
  `fax` int DEFAULT NULL,
  `email` varchar(255) DEFAULT NULL,
  `s_id` int NOT NULL,
  PRIMARY KEY (`id`),
  KEY `salesrefs_fk` (`s_id`),
  CONSTRAINT `salesrefs_fk` FOREIGN KEY (`s_id`) REFERENCES `salesrefs` (`id`) ON DELETE CASCADE ON UPDATE CASCADE
) ENGINE=InnoDB DEFAULT CHARSET=utf8mb4 COLLATE=utf8mb4_0900_ai_ci |
+-----------+--------------------------------------------------------------------------------------------------------------------------------------------------------------------------------------------------------------------------------------------------------------------------------------------------------------------------------------------------------------------------------------------------------------------------------------------------------------------------------------------------------------------------------------------------------------------------------------------------------------------------------------------------------------------------------------------------------------------------------+
1 row in set (0.0005 sec)
 MySQL  localhost:3306 ssl  orders_2  SQL > ALTER TABLE orders ADD CONSTRAINT customers_fk FOREIGN KEY (c_id) references customers(id) on delete cascade on update cascade;
Query OK, 0 rows affected (0.1761 sec)

Records: 0  Duplicates: 0  Warnings: 0
 MySQL  localhost:3306 ssl  orders_2  SQL > show create table orders;
+--------+-----------------------------------------------------------------------------------------------------------------------------------------------------------------------------------------------------------------------------------------------------------------------------------------------------------------------------------------------------------------------------------------------------------------------------------------------------------------+
| Table  | Create Table


                                                                                                   |
+--------+-----------------------------------------------------------------------------------------------------------------------------------------------------------------------------------------------------------------------------------------------------------------------------------------------------------------------------------------------------------------------------------------------------------------------------------------------------------------+
| orders | CREATE TABLE `orders` (
  `id` int NOT NULL AUTO_INCREMENT,
  `c_id` int NOT NULL,
  `orderdate` date NOT NULL,
  `shipdate` date DEFAULT NULL,
  `paiddate` date DEFAULT NULL,
  `status` varchar(20) DEFAULT NULL,
  PRIMARY KEY (`id`),
  KEY `customers_fk` (`c_id`),
  CONSTRAINT `customers_fk` FOREIGN KEY (`c_id`) REFERENCES `customers` (`id`) ON DELETE CASCADE ON UPDATE CASCADE
) ENGINE=InnoDB DEFAULT CHARSET=utf8mb4 COLLATE=utf8mb4_0900_ai_ci |
+--------+-----------------------------------------------------------------------------------------------------------------------------------------------------------------------------------------------------------------------------------------------------------------------------------------------------------------------------------------------------------------------------------------------------------------------------------------------------------------+
1 row in set (0.0005 sec)
 MySQL  localhost:3306 ssl  orders_2  SQL > ALTER TABLE items ADD CONSTRAINT orders_fk FOREIGN KEY (o_id) references orders(id) on delete cascade on update cascade;
Query OK, 0 rows affected (0.1448 sec)

Records: 0  Duplicates: 0  Warnings: 0
 MySQL  localhost:3306 ssl  orders_2  SQL > show create table items;
+-------+-----------------------------------------------------------------------------------------------------------------------------------------------------------------------------------------------------------------------------------------------------------------------------------------------------------------------------------------------------------------------+
| Table | Create Table


        |
+-------+-----------------------------------------------------------------------------------------------------------------------------------------------------------------------------------------------------------------------------------------------------------------------------------------------------------------------------------------------------------------------+
| items | CREATE TABLE `items` (
  `o_id` int NOT NULL,
  `id` int NOT NULL AUTO_INCREMENT,
  `p_id` int NOT NULL,
  `quantity` int NOT NULL,
  PRIMARY KEY (`id`),
  KEY `orders_fk` (`o_id`),
  CONSTRAINT `orders_fk` FOREIGN KEY (`o_id`) REFERENCES `orders` (`id`) ON DELETE CASCADE ON UPDATE CASCADE
) ENGINE=InnoDB DEFAULT CHARSET=utf8mb4 COLLATE=utf8mb4_0900_ai_ci |
+-------+-----------------------------------------------------------------------------------------------------------------------------------------------------------------------------------------------------------------------------------------------------------------------------------------------------------------------------------------------------------------------+
1 row in set (0.0006 sec)
 MySQL  localhost:3306 ssl  orders_2  SQL > ALTER TABLE items ADD CONSTRAINT parts_fk FOREIGN KEY (p_id) references parts(id) on delete cascade on update cascade;
Query OK, 0 rows affected (0.1872 sec)

Records: 0  Duplicates: 0  Warnings: 0
 MySQL  localhost:3306 ssl  orders_2  SQL > show create table items;
+-------+--------------------------------------------------------------------------------------------------------------------------------------------------------------------------------------------------------------------------------------------------------------------------------------------------------------------------------------------------------------------------------------------------------------------------------------------------------------------------------------------------------------+
| Table | Create Table



                       |
+-------+--------------------------------------------------------------------------------------------------------------------------------------------------------------------------------------------------------------------------------------------------------------------------------------------------------------------------------------------------------------------------------------------------------------------------------------------------------------------------------------------------------------+
| items | CREATE TABLE `items` (
  `o_id` int NOT NULL,
  `id` int NOT NULL AUTO_INCREMENT,
  `p_id` int NOT NULL,
  `quantity` int NOT NULL,
  PRIMARY KEY (`id`),
  KEY `orders_fk` (`o_id`),
  KEY `parts_fk` (`p_id`),
  CONSTRAINT `orders_fk` FOREIGN KEY (`o_id`) REFERENCES `orders` (`id`) ON DELETE CASCADE ON UPDATE CASCADE,
  CONSTRAINT `parts_fk` FOREIGN KEY (`p_id`) REFERENCES `parts` (`id`) ON DELETE CASCADE ON UPDATE CASCADE
) ENGINE=InnoDB DEFAULT CHARSET=utf8mb4 COLLATE=utf8mb4_0900_ai_ci |
+-------+--------------------------------------------------------------------------------------------------------------------------------------------------------------------------------------------------------------------------------------------------------------------------------------------------------------------------------------------------------------------------------------------------------------------------------------------------------------------------------------------------------------+
1 row in set (0.0007 sec)
 MySQL  localhost:3306 ssl  orders_2  SQL >